{
  "version": "1.5.0",
  "plugins_used": [
    {
      "name": "ArtifactoryDetector"
    },
    {
      "name": "AWSKeyDetector"
    },
    {
      "name": "AzureStorageKeyDetector"
    },
    {
      "name": "Base64HighEntropyString",
      "limit": 4.5
    },
    {
      "name": "BasicAuthDetector"
    },
    {
      "name": "CloudantDetector"
    },
    {
      "name": "DiscordBotTokenDetector"
    },
    {
      "name": "GitHubTokenDetector"
    },
    {
      "name": "GitLabTokenDetector"
    },
    {
      "name": "HexHighEntropyString",
      "limit": 3.0
    },
    {
      "name": "IbmCloudIamDetector"
    },
    {
      "name": "IbmCosHmacDetector"
    },
    {
      "name": "IPPublicDetector"
    },
    {
      "name": "JwtTokenDetector"
    },
    {
      "name": "KeywordDetector",
      "keyword_exclude": ""
    },
    {
      "name": "MailchimpDetector"
    },
    {
      "name": "NpmDetector"
    },
    {
      "name": "OpenAIDetector"
    },
    {
      "name": "PrivateKeyDetector"
    },
    {
      "name": "PypiTokenDetector"
    },
    {
      "name": "SendGridDetector"
    },
    {
      "name": "SlackDetector"
    },
    {
      "name": "SoftlayerDetector"
    },
    {
      "name": "SquareOAuthDetector"
    },
    {
      "name": "StripeDetector"
    },
    {
      "name": "TelegramBotTokenDetector"
    },
    {
      "name": "TwilioKeyDetector"
    }
  ],
  "filters_used": [
    {
      "path": "detect_secrets.filters.allowlist.is_line_allowlisted"
    },
    {
      "path": "detect_secrets.filters.common.is_ignored_due_to_verification_policies",
      "min_level": 2
    },
    {
      "path": "detect_secrets.filters.heuristic.is_indirect_reference"
    },
    {
      "path": "detect_secrets.filters.heuristic.is_likely_id_string"
    },
    {
      "path": "detect_secrets.filters.heuristic.is_lock_file"
    },
    {
      "path": "detect_secrets.filters.heuristic.is_not_alphanumeric_string"
    },
    {
      "path": "detect_secrets.filters.heuristic.is_potential_uuid"
    },
    {
      "path": "detect_secrets.filters.heuristic.is_prefixed_with_dollar_sign"
    },
    {
      "path": "detect_secrets.filters.heuristic.is_sequential_string"
    },
    {
      "path": "detect_secrets.filters.heuristic.is_swagger_file"
    },
    {
      "path": "detect_secrets.filters.heuristic.is_templated_secret"
    }
  ],
  "results": {
    ".env.dummy": [
      {
        "type": "Secret Keyword",
        "filename": ".env.dummy",
        "hashed_secret": "91dfd9ddb4198affc5c194cd8ce6d338fde470e2",
        "is_verified": false,
        "line_number": 16
      }
    ],
    ".pytest_cache\\CACHEDIR.TAG": [
      {
        "type": "Hex High Entropy String",
        "filename": ".pytest_cache\\CACHEDIR.TAG",
        "hashed_secret": "e8f8c345877b2411a59897798e422b15b0c16d76",
        "is_verified": false,
        "line_number": 1
      }
    ],
    "myocyte\\toxtempass\\templates\\toxtempass\\base.html": [
      {
        "type": "Base64 High Entropy String",
        "filename": "myocyte\\toxtempass\\templates\\toxtempass\\base.html",
        "hashed_secret": "b6b80d99055646994008a28a05da1f0b2a56866d",
        "is_verified": false,
        "line_number": 10
      },
      {
        "type": "Base64 High Entropy String",
        "filename": "myocyte\\toxtempass\\templates\\toxtempass\\base.html",
        "hashed_secret": "7665707c15f1c5292021bfbb4a066bc03e305ded",
        "is_verified": false,
        "line_number": 11
      },
      {
        "type": "Base64 High Entropy String",
        "filename": "myocyte\\toxtempass\\templates\\toxtempass\\base.html",
        "hashed_secret": "aa5e09727f33373f88f4fe1c8dc28b073cac5729",
        "is_verified": false,
        "line_number": 12
      }
    ],
    "myocyte\\toxtempass\\templates\\toxtempass\\admin\\stats.html": [
      {
        "type": "Base64 High Entropy String",
        "filename": "myocyte\\toxtempass\\templates\\toxtempass\\admin\\stats.html",
        "hashed_secret": "e947c6b89ccda3ccfa64fca0968e8f6cabd5c183",
        "is_verified": false,
        "line_number": 330
      }
    ],
    "myocyte/toxtempass/templates/toxtempass/admin/stats.html": [
      {
        "type": "Base64 High Entropy String",
        "filename": "myocyte/toxtempass/templates/toxtempass/admin/stats.html",
        "hashed_secret": "e947c6b89ccda3ccfa64fca0968e8f6cabd5c183",
        "is_verified": false,
        "line_number": 330
      }
    ]
  },
  "generated_at": "2025-08-05T12:05:51Z"
}
